\BOOKMARK [1][]{section*.1}{Education}{}% 1
\BOOKMARK [1][]{section*.2}{Experience}{}% 2
\BOOKMARK [1][]{section*.3}{Master Thesis}{}% 3
\BOOKMARK [1][]{section*.4}{Bachelor Thesis}{}% 4
\BOOKMARK [1][]{section*.5}{Other Projects}{}% 5
\BOOKMARK [2][]{section*.6}{Master projects}{section*.5}% 6
\BOOKMARK [2][]{section*.7}{Bachelor Projects}{section*.5}% 7
\BOOKMARK [1][]{section*.8}{Languages}{}% 8
\BOOKMARK [1][]{section*.9}{Computer skills}{}% 9
\BOOKMARK [1][]{section*.10}{Qualities}{}% 10
