\BOOKMARK [1][]{section*.1}{\376\377\000E\000d\000u\000c\000a\000t\000i\000o\000n}{}% 1
\BOOKMARK [1][]{section*.2}{\376\377\000T\000e\000c\000h\000n\000i\000c\000a\000l\000\040\000s\000k\000i\000l\000l\000s}{}% 2
\BOOKMARK [1][]{section*.3}{\376\377\000W\000o\000r\000k\000\040\000E\000x\000p\000e\000r\000i\000e\000n\000c\000e\000\040\000a\000n\000d\000\040\000P\000o\000s\000i\000t\000i\000o\000n\000s}{}% 3
\BOOKMARK [2][]{section*.4}{\376\377\000O\000p\000e\000n\000\040\000S\000o\000u\000r\000c\000e\000\040\000C\000o\000n\000t\000r\000i\000b\000u\000t\000i\000o\000n\000s}{section*.3}% 4
\BOOKMARK [1][]{section*.5}{\376\377\000P\000r\000o\000j\000e\000c\000t\000s}{}% 5
\BOOKMARK [1][]{section*.6}{\376\377\000T\000a\000l\000k\000s\000\040\000g\000i\000v\000e\000n\000\040\000a\000n\000d\000\040\000W\000o\000r\000k\000s\000h\000o\000p\000s\000\040\000c\000o\000n\000d\000u\000c\000t\000e\000d}{}% 6
\BOOKMARK [1][]{section*.7}{\376\377\000E\000v\000e\000n\000t\000s\000\040\000O\000r\000g\000a\000n\000i\000z\000e\000d}{}% 7
\BOOKMARK [1][]{section*.8}{\376\377\000I\000n\000t\000e\000r\000e\000s\000t\000s\000\040\000a\000n\000d\000\040\000H\000o\000b\000b\000i\000e\000s}{}% 8
\BOOKMARK [1][]{section*.9}{\376\377\000D\000e\000c\000l\000a\000r\000a\000t\000i\000o\000n}{}% 9
